<?xml version="1.0" encoding="utf-8"?><testsuites name="pytest tests"><testsuite name="pytest" errors="0" failures="0" skipped="0" tests="73" time="3.442" timestamp="2025-10-22T19:15:52.628934-04:00" hostname="Batcomputer"><testcase classname="src.tests.test_all" name="test_logfile_missing_env" time="0.013" /><testcase classname="src.tests.test_all" name="test_logging_levels" time="0.008" /><testcase classname="src.tests.test_all" name="test_logging_level0" time="0.004" /><testcase classname="src.tests.test_all" name="test_parse_urls_utf8_tokens" time="0.011" /><testcase classname="src.tests.test_all" name="test_parse_urls_missing_file_returns_empty" time="0.001" /><testcase classname="src.tests.test_all" name="test_parse_urls_non_utf8_file" time="0.010" /><testcase classname="src.tests.test_all" name="test_normalize_url_variants" time="0.002" /><testcase classname="src.tests.test_all" name="test_normalize_url_passthrough" time="0.001" /><testcase classname="src.tests.test_all" name="test_print_ndjson" time="0.005" /><testcase classname="src.tests.test_all" name="test_prepare_eval_context_hf" time="0.002" /><testcase classname="src.tests.test_all" name="test_prepare_eval_context_github" time="0.001" /><testcase classname="src.tests.test_all" name="test_prepare_eval_context_bad" time="0.001" /><testcase classname="src.tests.test_all" name="test_prepare_eval_context_none" time="0.002" /><testcase classname="src.tests.test_all" name="test_net_score_empty_report" time="0.001" /><testcase classname="src.tests.test_all" name="test_net_score_with_size_dict" time="0.002" /><testcase classname="src.tests.test_all" name="test_size_metric_empty_ctx" time="0.013" /><testcase classname="src.tests.test_all" name="test_size_metric_with_readme_regex" time="0.005" /><testcase classname="src.tests.test_all" name="test_sum_repo_size_from_index" time="0.001" /><testcase classname="src.tests.test_all" name="test_dataset_quality_no_data" time="0.004" /><testcase classname="src.tests.test_all" name="test_dataset_quality_with_scores" time="0.006" /><testcase classname="src.tests.test_all" name="test_performance_metric_no_keys" time="1.202" /><testcase classname="src.tests.test_all" name="test_code_quality_metric_empty" time="0.004" /><testcase classname="src.tests.test_all" name="test_license_check_metric" time="0.006" /><testcase classname="src.tests.test_all" name="test_bus_factor_metric" time="0.003" /><testcase classname="src.tests.test_all" name="test_parse_github_url_valid_and_invalid" time="0.002" /><testcase classname="src.tests.test_all" name="test_should_fetch_patterns" time="0.001" /><testcase classname="src.tests.test_all" name="test_is_fresh_and_cache" time="0.004" /><testcase classname="src.tests.test_all" name="test_parse_hf_url_valid_and_invalid" time="0.001" /><testcase classname="src.tests.test_all" name="test_extract_github_links_from_card_and_readme" time="0.001" /><testcase classname="src.tests.test_all" name="test_strip_markdown_noise_removes_code_and_comments" time="0.001" /><testcase classname="src.tests.test_all" name="test_extract_section_found_and_not_found" time="0.002" /><testcase classname="src.tests.test_all" name="test_normalize_and_classify_license" time="0.001" /><testcase classname="src.tests.test_all" name="test_setup_logging_util_with_env" time="0.004" /><testcase classname="src.tests.test_all" name="test_run_one_success_and_failure" time="0.003" /><testcase classname="src.tests.test_all" name="test_github_rate_limit" time="0.001" /><testcase classname="src.tests.test_all" name="test_github_get_json_success" time="0.001" /><testcase classname="src.tests.test_all" name="test_github_cache_roundtrip" time="0.036" /><testcase classname="src.tests.test_all" name="test_parse_hf_url_variants" time="0.001" /><testcase classname="src.tests.test_all" name="test_extract_github_links" time="0.001" /><testcase classname="src.tests.test_all" name="test_is_fresh_and_cache_helpers" time="0.004" /><testcase classname="src.tests.test_all" name="test_size_metric_mem_requirements" time="0.007" /><testcase classname="src.tests.test_all" name="test_size_metric_small_large_values" time="0.003" /><testcase classname="src.tests.test_all" name="test_to_bytes_and_human" time="0.001" /><testcase classname="src.tests.test_all" name="test_flatten_card_yaml_and_sum_size" time="0.002" /><testcase classname="src.tests.test_all" name="test_hf_total_size_bytes_prefers_size" time="0.001" /><testcase classname="src.tests.test_all" name="test_metric_dataset_disk_and_model_fallback" time="0.007" /><testcase classname="src.tests.test_all" name="test_metric_code_paths_and_unknown" time="0.006" /><testcase classname="src.tests.test_all" name="test_get_all_metrics_returns_list" time="0.001" /><testcase classname="src.tests.test_all" name="test_dataset_and_code_metric_with_links_and_examples" time="0.008" /><testcase classname="src.tests.test_all" name="test_has_runnable_snippet_and_is_example_path" time="0.002" /><testcase classname="src.tests.test_all" name="test_ramp_up_time_metric_with_readme_and_examples" time="0.007" /><testcase classname="src.tests.test_all" name="test_get_weights_normalizes_sum_to_one" time="0.002" /><testcase classname="src.tests.test_all" name="test_cli_main_usage" time="0.002" /><testcase classname="src.tests.test_all" name="test_cli_eval_and_test" time="0.001" /><testcase classname="src.tests.test_all" name="test_metric_helpers_norm_and_collect_paths" time="0.001" /><testcase classname="src.tests.test_all" name="test_registry_get_all_metrics_includes_expected" time="0.001" /><testcase classname="src.tests.test_all" name="test_clamp01_and_lat_helpers" time="0.002" /><testcase classname="src.tests.test_all" name="test_display_name_and_default_record" time="0.001" /><testcase classname="src.tests.test_all" name="test_apply_report_with_size_dict_and_string" time="0.001" /><testcase classname="src.tests.test_all" name="test_license_check_metric_fallback" time="0.010" /><testcase classname="src.tests.test_all" name="test_performance_metric_handles_missing_readme" time="0.004" /><testcase classname="src.tests.test_all" name="test_performance_metric_json_parse" time="0.008" /><testcase classname="src.tests.test_all" name="test_prep_eval_many_runs" time="0.007" /><testcase classname="src.tests.test_all" name="test_orchestrate_with_dummy_metrics" time="0.021" /><testcase classname="src.tests.test_all" name="test_to_bytes_and_bytes_to_human_all_units" time="0.002" /><testcase classname="src.tests.test_all" name="test_sum_repo_size_and_hf_total_size" time="0.001" /><testcase classname="src.tests.test_all" name="test_flatten_card_yaml_nested" time="0.001" /><testcase classname="src.tests.test_all" name="test_score_required_vs_budget_and_best_device" time="0.001" /><testcase classname="src.tests.test_all" name="test_metric_model_empty_and_hf_size" time="0.003" /><testcase classname="src.tests.test_all" name="test_metric_model_explicit_mem" time="0.007" /><testcase classname="src.tests.test_all" name="test_metric_dataset_disk_and_fallback" time="0.005" /><testcase classname="src.tests.test_all" name="test_metric_code_empty_and_paths" time="0.006" /><testcase classname="src.tests.test_all" name="test_metric_other_and_exception" time="0.006" /></testsuite></testsuites>